
public interface Point {
  public int get__x();

  public int set__x(int toAssign);

  public int get__y();

  public int set__y(int toAssign);

  public int get__z();

  public int set__z(int toAssign);
}

public interface Point_Factory {
  public Point make(int x, int y);

  public Point make(int x, int y, int z);
}

public class Point_v1 implements Point {
  public int x;

  public int y;

  public Point_v1(int x, int y) {
    this.x = x;
    this.y = y;
  }

  public int get__x() {
    return this.x;
  }

  public int set__x(int toAssign) {
    return this.x = toAssign;
  }

  public int get__y() {
    return this.y;
  }

  public int set__y(int toAssign) {
    return this.y = toAssign;
  }

  public int get__z() {
    return 0;
  }

  public int set__z(int toAssign) {
    return 0;
  }
}

public class Point_v1_Factory implements Point_Factory {
  public Point make(int x, int y) {
    return new Point_v1(x, y);
  }

  public Point make(int x, int y, int z) {
    return null;
  }
}

public class Point_v2 implements Point {
  public int x;

  public int y;

  public int z;

  public Point_v2(int x, int y, int z) {
    this.x = x;
    this.y = y;
    this.z = z;
  }

  public Point_v2(int x, int y) {
    this.x = x;
    this.y = y;
  }

  public int get__x() {
    return this.x;
  }

  public int set__x(int toAssign) {
    return this.x = toAssign;
  }

  public int get__y() {
    return this.y;
  }

  public int set__y(int toAssign) {
    return this.y = toAssign;
  }

  public int get__z() {
    return this.z;
  }

  public int set__z(int toAssign) {
    return this.z = toAssign;
  }
}

public class Point_v2_Factory implements Point_Factory {
  public Point make(int x, int y, int z) {
    return new Point_v2(x, y, z);
  }

  public Point make(int x, int y) {
    return new Point_v2(x, y);
  }
}

public class Point_v3 implements Point {
  public int x;

  public int y;

  public int z;

  public Point_v3(int x, int y, int z) {
    this.x = x;
    this.y = y;
    this.z = z;
  }

  public int get__x() {
    return this.x;
  }

  public int set__x(int toAssign) {
    return this.x = toAssign;
  }

  public int get__y() {
    return this.y;
  }

  public int set__y(int toAssign) {
    return this.y = toAssign;
  }

  public int get__z() {
    return this.z;
  }

  public int set__z(int toAssign) {
    return this.z = toAssign;
  }
}

public class Point_v3_Factory implements Point_Factory {
  public Point make(int x, int y, int z) {
    return new Point_v3(x, y, z);
  }

  public Point make(int x, int y) {
    return null;
  }
}
