
public interface Point {
}

public interface Point_Factory {
  public Point make(int x, int y);
}

public class Point_v1 implements Point {
  private int x;

  private int y;

  public Point_v1(int x, int y) {
    this.x = x;
    this.y = y;
  }
}

public class Point_v1_Factory implements Point_Factory {
  public Point make(int x, int y) {
    return new Point_v1(x, y);
  }
}

public interface Line {
  public Point get__p1();

  public Point set__p1(Point toAssign);

  public Point get__p2();

  public Point set__p2(Point toAssign);
}

public interface Line_Factory {
  public Line make(Point_Factory V, Point_Factory W, Point p1, Point p2);
}

public class Line_v1 implements Line {
  public Point_Factory V;

  public Point_Factory W;

  public Point p1;

  public Point p2;

  public Line_v1(Point_Factory V, Point_Factory W, Point p1, Point p2) {
    this.V = V;
    this.W = W;
    this.p1 = p1;
    this.p2 = p2;
  }

  public Point get__p1() {
    return this.p1;
  }

  public Point set__p1(Point toAssign) {
    return this.p1 = toAssign;
  }

  public Point get__p2() {
    return this.p2;
  }

  public Point set__p2(Point toAssign) {
    return this.p2 = toAssign;
  }
}

public class Line_v1_Factory implements Line_Factory {
  public Line make(Point_Factory V, Point_Factory W, Point p1, Point p2) {
    return new Line_v1(V, W, p1, p2);
  }
}
