
public interface Point {
  public int get__x();

  public int set__x(int toAssign);

  public int get__y();

  public int set__y(int toAssign);

  public Point inverse(Point_Factory V);

  public Point mirror(Point_Factory V);
}

public interface Point_Factory {
  public Point make(int x, int y);
}

public class Point_v2 implements Point {
  public int x;

  public int y;

  public Point_v2(int x, int y) {
    this.x = x;
    this.y = y;
  }

  public Point inverse(Point_Factory V) {
    return V.make(y, x);
  }

  public int get__x() {
    return this.x;
  }

  public int set__x(int toAssign) {
    return this.x = toAssign;
  }

  public int get__y() {
    return this.y;
  }

  public int set__y(int toAssign) {
    return this.y = toAssign;
  }

  public Point mirror(Point_Factory V) {
    return null;
  }
}

public class Point_v2_Factory implements Point_Factory {
  public Point make(int x, int y) {
    return new Point_v2(x, y);
  }
}

public class Point_v1 implements Point {
  public int x;

  public int y;

  public Point_v1(int x, int y) {
    this.x = x;
    this.y = y;
  }

  public Point mirror(Point_Factory V) {
    return V.make(y, x);
  }

  public int get__x() {
    return this.x;
  }

  public int set__x(int toAssign) {
    return this.x = toAssign;
  }

  public int get__y() {
    return this.y;
  }

  public int set__y(int toAssign) {
    return this.y = toAssign;
  }

  public Point inverse(Point_Factory V) {
    return null;
  }
}

public class Point_v1_Factory implements Point_Factory {
  public Point make(int x, int y) {
    return new Point_v1(x, y);
  }
}
