tests/error_08/Test.java:4: error: no applicable method for copy()
