tests/exp_02/Test.java:1: error: no solution found in this component
