tests/error_01/Test.java:1: error: no solution found in this component
