tests/error_07/Test.java:3: error: no applicable solution for Line«3,2»
