tests/error_06/Line.java:1: error: no solution found in this component
