tests/error_04/Test.java:4: error: no applicable solution for Line«2,1»
Solution not found.
