tests/error_03/Test.java:5: error: no applicable method for update(new Point(2, 2))
tests/error_03/Test.java:6: error: no applicable method for m()
Solution not found.
